// Jest Snapshot v1, https://goo.gl/fbAQLP

exports[`# User 1`] = `
<div
  className="panel panel-default"
  key="0"
>
  <div
    className="panel-heading"
  >
    User: 
    <input
      defaultValue="test"
      id="userInput"
      type="text"
    />
    <div
      className="pull-right"
    >
      <button
        className="btn btn-default"
        onClick={[Function]}
      >
        Save
      </button>
    </div>
  </div>
  <div
    className="panel-body"
  >
    Registration date: 
    Wed Feb 01 2017 01:01:01 GMT+0545
  </div>
</div>
`;

exports[`# UserWrapper 1`] = `
<User
  edit={false}
  store={
    Object {
      "clearActions": [Function],
      "dispatch": [Function],
      "getActions": [Function],
      "getState": [Function],
      "replaceReducer": [Function],
      "subscribe": [Function],
    }
  }
  updateUser={[Function]}
  user={
    Object {
      "id": 0,
      "login": "test",
      "registrationDate": "2017-01-31T19:16:01.000Z",
    }
  }
/>
`;
