// Jest Snapshot v1, https://goo.gl/fbAQLP

exports[`# Create page 1`] = `
<div>
  <Navbar
    current="/create"
    user={
      Object {
        "id": 0,
        "login": "test",
        "registrationDate": "2017-01-31T19:16:01.000Z",
      }
    }
  />
  <div>
    <form>
      <div
        className="form-group"
      >
        <label
          htmlFor="questionText"
        >
          Question text
        </label>
        <input
          className="form-control"
          id="questionText"
          placeholder="Question text"
          type="text"
        />
      </div>
      <div
        className="form-group"
      >
        <label
          htmlFor="expirationDate"
        >
          Expiration date
        </label>
        <input
          className="form-control"
          id="expirationDate"
          placeholder="expirationDate"
          type="date"
        />
      </div>
      <button
        className="btn btn-default"
        onClick={[Function]}
        type="submit"
      >
        Create a new question
      </button>
    </form>
  </div>
</div>
`;

exports[`# Create page wrapper 1`] = `
<Create
  doCreateQuestion={[Function]}
  store={
    Object {
      "clearActions": [Function],
      "dispatch": [Function],
      "getActions": [Function],
      "getState": [Function],
      "replaceReducer": [Function],
      "subscribe": [Function],
    }
  }
  storeSubscription={
    Subscription {
      "listeners": Object {
        "clear": [Function],
        "get": [Function],
        "notify": [Function],
        "subscribe": [Function],
      },
      "onStateChange": [Function],
      "parentSub": undefined,
      "store": Object {
        "clearActions": [Function],
        "dispatch": [Function],
        "getActions": [Function],
        "getState": [Function],
        "replaceReducer": [Function],
        "subscribe": [Function],
      },
      "unsubscribe": [Function],
    }
  }
  user={
    Object {
      "id": 0,
      "login": "test",
      "registrationDate": "2017-01-31T19:16:01.000Z",
    }
  }
/>
`;
